Microchip MPLAB XC8 Compiler V2.31

Linker command line:

-W-3 --edf=C:\Program Files\Microchip\xc8\v2.31\pic\dat\en_msgs.txt -cn \
  -h+dist/default/production\Matri_8x8_CC.X.production.sym \
  --cmf=dist/default/production\Matri_8x8_CC.X.production.cmf -z -Q18F4550 \
  -oC:\Users\marco\AppData\Local\Temp\sc18.2 --defsym=__MPLAB_BUILD=1 \
  -Mdist/default/production/Matri_8x8_CC.X.production.map -E1 \
  -ver=XC8 Compiler --acfsm=1493 -ASTACK=060h-07FFh -pstack=STACK \
  -ACODE=00h-07FFFh -ACONST=00h-07FFFh -ASMALLCONST=0800h-08FFhx120 \
  -AMEDIUMCONST=0800h-07FFFh -ACOMRAM=01h-05Fh -AABS1=00h-07FFh \
  -ABIGRAM=01h-07FFh -ARAM=060h-0FFh,0100h-01FFhx7 -ABANK0=060h-0FFh \
  -ABANK1=0100h-01FFh -ABANK2=0200h-02FFh -ABANK3=0300h-03FFh \
  -ABANK4=0400h-04FFh -ABANK5=0500h-05FFh -ABANK6=0600h-06FFh \
  -ABANK7=0700h-07FFh -ASFR=0F60h-0FFFh -ACONFIG=0300000h-030000Dh \
  -AIDLOC=0200000h-0200007h -AEEDATA=0F00000h-0F000FFh -peeprom_data=EEDATA \
  -preset_vec=00h,intcode,intcodelo,powerup,init -pramtop=0800h \
  -psmallconst=SMALLCONST -pmediumconst=MEDIUMCONST -pconst=CONST \
  -AFARRAM=00h-00h \
  -prdata=COMRAM,nvrram=COMRAM,nvbit=COMRAM,rbss=COMRAM,rbit=COMRAM \
  -pfarbss=FARRAM,fardata=FARRAM,nvFARRAM=FARRAM \
  -pintsave_regs=BIGRAM,bigbss=BIGRAM,bigdata=BIGRAM -pbss=RAM \
  -pidata=CODE,irdata=CODE,ibigdata=CODE,ifardata=CODE -prparam=COMRAM \
  C:\Users\marco\AppData\Local\Temp\sc18.o \
  dist/default/production\Matri_8x8_CC.X.production.o 

Object code version is 3.11

Machine type is 18F4550



                Name                               Link     Load   Length Selector   Space Scale
C:\Users\marco\AppData\Local\Temp\sc18.o
                idloc                            200000   200000        8        0       5
                config                           300000   300000        E        0       4
                init                                  0        0        4        0       0
dist/default/production\Matri_8x8_CC.X.production.o
                idloc                            200000   200000        8        0       5
                config                           300000   300000        E        0       4
                text83                             35FC     35FC       D8     1AFE       0
                text82                             36D4     36D4       D8     1B6A       0
                text81                             37AC     37AC       D8     1BD6       0
                text80                             3884     3884       D8     1C42       0
                text79                             395C     395C       D8     1CAE       0
                text78                             3A34     3A34       D8     1D1A       0
                text77                             3B0C     3B0C       D8     1D86       0
                text76                             3BE4     3BE4       D8     1DF2       0
                text75                             3CBC     3CBC       D8     1E5E       0
                text74                             3D94     3D94       D8     1ECA       0
                text73                             3E6C     3E6C       D8     1F36       0
                text72                             3F44     3F44       D8     1FA2       0
                text71                             401C     401C       D8     200E       0
                text70                             40F4     40F4       D8     207A       0
                text69                             41CC     41CC       D8     20E6       0
                text68                             42A4     42A4       D8     2152       0
                text67                             437C     437C       D8     21BE       0
                text66                             4454     4454       D8     222A       0
                text65                             452C     452C       D8     2296       0
                text64                             4604     4604       D8     2302       0
                text63                             46DC     46DC       D8     236E       0
                text62                             47B4     47B4       D8     23DA       0
                text61                             488C     488C       D8     2446       0
                text60                             4964     4964       D8     24B2       0
                text59                             4A3C     4A3C       D8     251E       0
                text58                             4B14     4B14       D8     258A       0
                text57                             4BEC     4BEC       D8     25F6       0
                text56                             4CC4     4CC4       D8     2662       0
                text55                             4D9C     4D9C       D8     26CE       0
                text54                             4E74     4E74       D8     273A       0
                text53                             4F4C     4F4C       D8     27A6       0
                text52                             5024     5024       D8     2812       0
                text51                             50FC     50FC       D8     287E       0
                text50                             51D4     51D4       D8     28EA       0
                text49                             52AC     52AC       D8     2956       0
                text48                             5384     5384       D8     29C2       0
                text47                             545C     545C       D8     2A2E       0
                text46                             5534     5534       D8     2A9A       0
                text45                             560C     560C       D8     2B06       0
                text44                             56E4     56E4       D8     2B72       0
                text43                             57BC     57BC       D8     2BDE       0
                text42                             5894     5894       D8     2C4A       0
                text41                             596C     596C       D8     2CB6       0
                text40                             5A44     5A44       D8     2D22       0
                text39                             5B1C     5B1C       D8     2D8E       0
                text38                             5BF4     5BF4       D8     2DFA       0
                text37                             5CCC     5CCC       D8     2E66       0
                text36                             5DA4     5DA4       D8     2ED2       0
                text35                             5E7C     5E7C       D8     2F3E       0
                text34                             5F54     5F54       D8     2FAA       0
                text33                             602C     602C       D8     3016       0
                text32                             6104     6104       D8     3082       0
                text31                             61DC     61DC       D8     30EE       0
                text30                             62B4     62B4       D8     315A       0
                text29                             638C     638C       D8     31C6       0
                text28                             6464     6464       D8     3232       0
                text27                             653C     653C       D8     329E       0
                text26                             6614     6614       D8     330A       0
                text25                             66EC     66EC       D8     3376       0
                text24                             67C4     67C4       D8     33E2       0
                text23                             689C     689C       D8     344E       0
                text22                             6974     6974       D8     34BA       0
                text21                             6A4C     6A4C       D8     3526       0
                text20                             6B24     6B24       D8     3592       0
                text19                             6BFC     6BFC       D8     35FE       0
                text18                             6CD4     6CD4       D8     366A       0
                text17                             6DAC     6DAC       D8     36D6       0
                text16                             6E84     6E84       D8     3742       0
                text15                             6F5C     6F5C       D8     37AE       0
                text14                             7034     7034       D8     381A       0
                text13                             710C     710C       D8     3886       0
                text12                             71E4     71E4       D8     38F2       0
                text11                             72BC     72BC       D8     395E       0
                text10                             7394     7394       D8     39CA       0
                text9                              746C     746C       D8     3A36       0
                text8                              7544     7544       D8     3AA2       0
                text7                              761C     761C       D8     3B0E       0
                text6                              76F4     76F4       D8     3B7A       0
                text5                              77CC     77CC       D8     3BE6       0
                text4                              78A4     78A4       D8     3C52       0
                text3                              797C     797C       D8     3CBE       0
                text2                              7A54     7A54       D8     3D2A       0
                text1                              7B2C     7B2C       D8     3D96       0
                text0                              7C04     7C04      3FC     3E02       0
                cstackCOMRAM                          1        1        3        1       1
                bssCOMRAM                             4        4        2        1       1
                cinit                              35F2     35F2        A     1AF9       0

TOTAL           Name                               Link     Load   Length     Space
        CLASS   STACK          

        CLASS   CODE           
                init                                  0        0        4         0
                text83                             35FC     35FC       D8         0
                text82                             36D4     36D4       D8         0
                text81                             37AC     37AC       D8         0
                text80                             3884     3884       D8         0
                text79                             395C     395C       D8         0
                text78                             3A34     3A34       D8         0
                text77                             3B0C     3B0C       D8         0
                text76                             3BE4     3BE4       D8         0
                text75                             3CBC     3CBC       D8         0
                text74                             3D94     3D94       D8         0
                text73                             3E6C     3E6C       D8         0
                text72                             3F44     3F44       D8         0
                text71                             401C     401C       D8         0
                text70                             40F4     40F4       D8         0
                text69                             41CC     41CC       D8         0
                text68                             42A4     42A4       D8         0
                text67                             437C     437C       D8         0
                text66                             4454     4454       D8         0
                text65                             452C     452C       D8         0
                text64                             4604     4604       D8         0
                text63                             46DC     46DC       D8         0
                text62                             47B4     47B4       D8         0
                text61                             488C     488C       D8         0
                text60                             4964     4964       D8         0
                text59                             4A3C     4A3C       D8         0
                text58                             4B14     4B14       D8         0
                text57                             4BEC     4BEC       D8         0
                text56                             4CC4     4CC4       D8         0
                text55                             4D9C     4D9C       D8         0
                text54                             4E74     4E74       D8         0
                text53                             4F4C     4F4C       D8         0
                text52                             5024     5024       D8         0
                text51                             50FC     50FC       D8         0
                text50                             51D4     51D4       D8         0
                text49                             52AC     52AC       D8         0
                text48                             5384     5384       D8         0
                text47                             545C     545C       D8         0
                text46                             5534     5534       D8         0
                text45                             560C     560C       D8         0
                text44                             56E4     56E4       D8         0
                text43                             57BC     57BC       D8         0
                text42                             5894     5894       D8         0
                text41                             596C     596C       D8         0
                text40                             5A44     5A44       D8         0
                text39                             5B1C     5B1C       D8         0
                text38                             5BF4     5BF4       D8         0
                text37                             5CCC     5CCC       D8         0
                text36                             5DA4     5DA4       D8         0
                text35                             5E7C     5E7C       D8         0
                text34                             5F54     5F54       D8         0
                text33                             602C     602C       D8         0
                text32                             6104     6104       D8         0
                text31                             61DC     61DC       D8         0
                text30                             62B4     62B4       D8         0
                text29                             638C     638C       D8         0
                text28                             6464     6464       D8         0
                text27                             653C     653C       D8         0
                text26                             6614     6614       D8         0
                text25                             66EC     66EC       D8         0
                text24                             67C4     67C4       D8         0
                text23                             689C     689C       D8         0
                text22                             6974     6974       D8         0
                text21                             6A4C     6A4C       D8         0
                text20                             6B24     6B24       D8         0
                text19                             6BFC     6BFC       D8         0
                text18                             6CD4     6CD4       D8         0
                text17                             6DAC     6DAC       D8         0
                text16                             6E84     6E84       D8         0
                text15                             6F5C     6F5C       D8         0
                text14                             7034     7034       D8         0
                text13                             710C     710C       D8         0
                text12                             71E4     71E4       D8         0
                text11                             72BC     72BC       D8         0
                text10                             7394     7394       D8         0
                text9                              746C     746C       D8         0
                text8                              7544     7544       D8         0
                text7                              761C     761C       D8         0
                text6                              76F4     76F4       D8         0
                text5                              77CC     77CC       D8         0
                text4                              78A4     78A4       D8         0
                text3                              797C     797C       D8         0
                text2                              7A54     7A54       D8         0
                text1                              7B2C     7B2C       D8         0
                text0                              7C04     7C04      3FC         0
                cinit                              35F2     35F2        A         0

        CLASS   CONST          

        CLASS   SMALLCONST     

        CLASS   MEDIUMCONST    

        CLASS   COMRAM         
                cstackCOMRAM                          1        1        3         1
                bssCOMRAM                             4        4        2         1

        CLASS   ABS1           

        CLASS   BIGRAM         

        CLASS   RAM            

        CLASS   BANK0          

        CLASS   BANK1          

        CLASS   BANK2          

        CLASS   BANK3          

        CLASS   BANK4          

        CLASS   BANK5          

        CLASS   BANK6          

        CLASS   BANK7          

        CLASS   SFR            

        CLASS   CONFIG         
                config                           300000   300000        E         4

        CLASS   IDLOC          
                idloc                            200000   200000        8         5

        CLASS   EEDATA         

        CLASS   FARRAM         



SEGMENTS        Name                           Load    Length   Top    Selector   Space  Class

                reset_vec                      000000  000004  000004         0       0  CODE    
                cstackCOMRAM                   000001  000005  000006         1       1  COMRAM  
                cinit                          0035F2  00000A  0035FC      1AF9       0  CODE    
                text83                         0035FC  0000D8  0036D4      1AFE       0  CODE    
                text82                         0036D4  0000D8  0037AC      1B6A       0  CODE    
                text81                         0037AC  0000D8  003884      1BD6       0  CODE    
                text80                         003884  0000D8  00395C      1C42       0  CODE    
                text79                         00395C  0000D8  003A34      1CAE       0  CODE    
                text78                         003A34  0000D8  003B0C      1D1A       0  CODE    
                text77                         003B0C  0000D8  003BE4      1D86       0  CODE    
                text76                         003BE4  0000D8  003CBC      1DF2       0  CODE    
                text75                         003CBC  0000D8  003D94      1E5E       0  CODE    
                text74                         003D94  0000D8  003E6C      1ECA       0  CODE    
                text73                         003E6C  0000D8  003F44      1F36       0  CODE    
                text72                         003F44  0000D8  00401C      1FA2       0  CODE    
                text71                         00401C  0000D8  0040F4      200E       0  CODE    
                text70                         0040F4  0000D8  0041CC      207A       0  CODE    
                text69                         0041CC  0000D8  0042A4      20E6       0  CODE    
                text68                         0042A4  0000D8  00437C      2152       0  CODE    
                text67                         00437C  0000D8  004454      21BE       0  CODE    
                text66                         004454  0000D8  00452C      222A       0  CODE    
                text65                         00452C  0000D8  004604      2296       0  CODE    
                text64                         004604  0000D8  0046DC      2302       0  CODE    
                text63                         0046DC  0000D8  0047B4      236E       0  CODE    
                text62                         0047B4  0000D8  00488C      23DA       0  CODE    
                text61                         00488C  0000D8  004964      2446       0  CODE    
                text60                         004964  0000D8  004A3C      24B2       0  CODE    
                text59                         004A3C  0000D8  004B14      251E       0  CODE    
                text58                         004B14  0000D8  004BEC      258A       0  CODE    
                text57                         004BEC  0000D8  004CC4      25F6       0  CODE    
                text56                         004CC4  0000D8  004D9C      2662       0  CODE    
                text55                         004D9C  0000D8  004E74      26CE       0  CODE    
                text54                         004E74  0000D8  004F4C      273A       0  CODE    
                text53                         004F4C  0000D8  005024      27A6       0  CODE    
                text52                         005024  0000D8  0050FC      2812       0  CODE    
                text51                         0050FC  0000D8  0051D4      287E       0  CODE    
                text50                         0051D4  0000D8  0052AC      28EA       0  CODE    
                text49                         0052AC  0000D8  005384      2956       0  CODE    
                text48                         005384  0000D8  00545C      29C2       0  CODE    
                text47                         00545C  0000D8  005534      2A2E       0  CODE    
                text46                         005534  0000D8  00560C      2A9A       0  CODE    
                text45                         00560C  0000D8  0056E4      2B06       0  CODE    
                text44                         0056E4  0000D8  0057BC      2B72       0  CODE    
                text43                         0057BC  0000D8  005894      2BDE       0  CODE    
                text42                         005894  0000D8  00596C      2C4A       0  CODE    
                text41                         00596C  0000D8  005A44      2CB6       0  CODE    
                text40                         005A44  0000D8  005B1C      2D22       0  CODE    
                text39                         005B1C  0000D8  005BF4      2D8E       0  CODE    
                text38                         005BF4  0000D8  005CCC      2DFA       0  CODE    
                text37                         005CCC  0000D8  005DA4      2E66       0  CODE    
                text36                         005DA4  0000D8  005E7C      2ED2       0  CODE    
                text35                         005E7C  0000D8  005F54      2F3E       0  CODE    
                text34                         005F54  0000D8  00602C      2FAA       0  CODE    
                text33                         00602C  0000D8  006104      3016       0  CODE    
                text32                         006104  0000D8  0061DC      3082       0  CODE    
                text31                         0061DC  0000D8  0062B4      30EE       0  CODE    
                text30                         0062B4  0000D8  00638C      315A       0  CODE    
                text29                         00638C  0000D8  006464      31C6       0  CODE    
                text28                         006464  0000D8  00653C      3232       0  CODE    
                text27                         00653C  0000D8  006614      329E       0  CODE    
                text26                         006614  0000D8  0066EC      330A       0  CODE    
                text25                         0066EC  0000D8  0067C4      3376       0  CODE    
                text24                         0067C4  0000D8  00689C      33E2       0  CODE    
                text23                         00689C  0000D8  006974      344E       0  CODE    
                text22                         006974  0000D8  006A4C      34BA       0  CODE    
                text21                         006A4C  0000D8  006B24      3526       0  CODE    
                text20                         006B24  0000D8  006BFC      3592       0  CODE    
                text19                         006BFC  0000D8  006CD4      35FE       0  CODE    
                text18                         006CD4  0000D8  006DAC      366A       0  CODE    
                text17                         006DAC  0000D8  006E84      36D6       0  CODE    
                text16                         006E84  0000D8  006F5C      3742       0  CODE    
                text15                         006F5C  0000D8  007034      37AE       0  CODE    
                text14                         007034  0000D8  00710C      381A       0  CODE    
                text13                         00710C  0000D8  0071E4      3886       0  CODE    
                text12                         0071E4  0000D8  0072BC      38F2       0  CODE    
                text11                         0072BC  0000D8  007394      395E       0  CODE    
                text10                         007394  0000D8  00746C      39CA       0  CODE    
                text9                          00746C  0000D8  007544      3A36       0  CODE    
                text8                          007544  0000D8  00761C      3AA2       0  CODE    
                text7                          00761C  0000D8  0076F4      3B0E       0  CODE    
                text6                          0076F4  0000D8  0077CC      3B7A       0  CODE    
                text5                          0077CC  0000D8  0078A4      3BE6       0  CODE    
                text4                          0078A4  0000D8  00797C      3C52       0  CODE    
                text3                          00797C  0000D8  007A54      3CBE       0  CODE    
                text2                          007A54  0000D8  007B2C      3D2A       0  CODE    
                text1                          007B2C  0000D8  007C04      3D96       0  CODE    
                text0                          007C04  0003FC  008000      3E02       0  CODE    


UNUSED ADDRESS RANGES

        Name                Unused          Largest block    Delta
        BANK0            000060-0000FF               A0
        BANK1            000100-0001FF              100
        BANK2            000200-0002FF              100
        BANK3            000300-0003FF              100
        BANK4            000400-0004FF              100
        BANK5            000500-0005FF              100
        BANK6            000600-0006FF              100
        BANK7            000700-0007FF              100
        BIGRAM           000006-0007FF              7FA
        CODE             000004-0035F1             35EE
        COMRAM           000006-00005F               5A
        CONST            000004-0035F1             35EE
        EEDATA           F00000-F000FF              100
        MEDIUMCONST      000800-0035F1             2DF2
        RAM              000060-0007FF              100
        SFR              000F60-000FFF               A0
        SMALLCONST       000800-0035F1              100
        STACK            000060-0007FF              7A0

                                  Symbol Table

_LATB                    (abs)        000F8A
_LATD                    (abs)        000F8C
_TRISB                   (abs)        000F93
_TRISD                   (abs)        000F95
__HRAM                   (abs)        000000
__Habs1                  abs1         000000
__Hbank0                 bank0        000000
__Hbank1                 bank1        000000
__Hbank2                 bank2        000000
__Hbank3                 bank3        000000
__Hbank4                 bank4        000000
__Hbank5                 bank5        000000
__Hbank6                 bank6        000000
__Hbank7                 bank7        000000
__Hbigbss                bigbss       000000
__Hbigdata               bigdata      000000
__Hbigram                bigram       000000
__Hbss                   bss          000000
__HbssCOMRAM             bssCOMRAM    000000
__Hcinit                 cinit        000000
__Hclrtext               clrtext      000000
__Hcomram                comram       000000
__Hconfig                config       30000E
__Hconst                 const        000000
__HcstackCOMRAM          cstackCOMRAM 000000
__Hdata                  data         000000
__Heeprom_data           eeprom_data  000000
__Hfarbss                farbss       000000
__Hfardata               fardata      000000
__Hibigdata              ibigdata     000000
__Hidata                 idata        000000
__Hidloc                 idloc        200008
__Hifardata              ifardata     000000
__Hinit                  init         000004
__Hintcode               intcode      000000
__Hintcode_body          intcode_body 000000
__Hintcodelo             intcodelo    000000
__Hintentry              intentry     000000
__Hintret                intret       000000
__Hintsave_regs          intsave_regs 000000
__Hirdata                irdata       000000
__Hmediumconst           mediumconst  000000
__HnvFARRAM              nvFARRAM     000000
__Hnvbit                 nvbit        000000
__Hnvrram                nvrram       000000
__Hparam                 rparam       000000
__Hpowerup               powerup      000000
__Hram                   ram          000000
__Hramtop                ramtop       000800
__Hrbit                  rbit         000000
__Hrbss                  rbss         000000
__Hrdata                 rdata        000000
__Hreset_vec             reset_vec    000000
__Hrparam                rparam       000000
__Hsfr                   sfr          000000
__Hsmallconst            smallconst   000000
__Hspace_0               (abs)        008000
__Hspace_1               (abs)        000006
__Hspace_2               (abs)        000000
__Hspace_4               (abs)        60000E
__Hstack                 stack        000000
__Hstruct                struct       000000
__Htemp                  temp         000000
__Htext                  text         000000
__Htext0                 text0        000000
__Htext1                 text1        000000
__Htext10                text10       000000
__Htext11                text11       000000
__Htext12                text12       000000
__Htext13                text13       000000
__Htext14                text14       000000
__Htext15                text15       000000
__Htext16                text16       000000
__Htext17                text17       000000
__Htext18                text18       000000
__Htext19                text19       000000
__Htext2                 text2        000000
__Htext20                text20       000000
__Htext21                text21       000000
__Htext22                text22       000000
__Htext23                text23       000000
__Htext24                text24       000000
__Htext25                text25       000000
__Htext26                text26       000000
__Htext27                text27       000000
__Htext28                text28       000000
__Htext29                text29       000000
__Htext3                 text3        000000
__Htext30                text30       000000
__Htext31                text31       000000
__Htext32                text32       000000
__Htext33                text33       000000
__Htext34                text34       000000
__Htext35                text35       000000
__Htext36                text36       000000
__Htext37                text37       000000
__Htext38                text38       000000
__Htext39                text39       000000
__Htext4                 text4        000000
__Htext40                text40       000000
__Htext41                text41       000000
__Htext42                text42       000000
__Htext43                text43       000000
__Htext44                text44       000000
__Htext45                text45       000000
__Htext46                text46       000000
__Htext47                text47       000000
__Htext48                text48       000000
__Htext49                text49       000000
__Htext5                 text5        000000
__Htext50                text50       000000
__Htext51                text51       000000
__Htext52                text52       000000
__Htext53                text53       000000
__Htext54                text54       000000
__Htext55                text55       000000
__Htext56                text56       000000
__Htext57                text57       000000
__Htext58                text58       000000
__Htext59                text59       000000
__Htext6                 text6        000000
__Htext60                text60       000000
__Htext61                text61       000000
__Htext62                text62       000000
__Htext63                text63       000000
__Htext64                text64       000000
__Htext65                text65       000000
__Htext66                text66       000000
__Htext67                text67       000000
__Htext68                text68       000000
__Htext69                text69       000000
__Htext7                 text7        000000
__Htext70                text70       000000
__Htext71                text71       000000
__Htext72                text72       000000
__Htext73                text73       000000
__Htext74                text74       000000
__Htext75                text75       000000
__Htext76                text76       000000
__Htext77                text77       000000
__Htext78                text78       000000
__Htext79                text79       000000
__Htext8                 text8        000000
__Htext80                text80       000000
__Htext81                text81       000000
__Htext82                text82       000000
__Htext83                text83       000000
__Htext9                 text9        000000
__LRAM                   (abs)        000001
__Labs1                  abs1         000000
__Lbank0                 bank0        000000
__Lbank1                 bank1        000000
__Lbank2                 bank2        000000
__Lbank3                 bank3        000000
__Lbank4                 bank4        000000
__Lbank5                 bank5        000000
__Lbank6                 bank6        000000
__Lbank7                 bank7        000000
__Lbigbss                bigbss       000000
__Lbigdata               bigdata      000000
__Lbigram                bigram       000000
__Lbss                   bss          000000
__LbssCOMRAM             bssCOMRAM    000000
__Lcinit                 cinit        000000
__Lclrtext               clrtext      000000
__Lcomram                comram       000000
__Lconfig                config       000000
__Lconst                 const        000000
__LcstackCOMRAM          cstackCOMRAM 000000
__Ldata                  data         000000
__Leeprom_data           eeprom_data  000000
__Lfarbss                farbss       000000
__Lfardata               fardata      000000
__Libigdata              ibigdata     000000
__Lidata                 idata        000000
__Lidloc                 idloc        000000
__Lifardata              ifardata     000000
__Linit                  init         000000
__Lintcode               intcode      000000
__Lintcode_body          intcode_body 000000
__Lintcodelo             intcodelo    000000
__Lintentry              intentry     000000
__Lintret                intret       000000
__Lintsave_regs          intsave_regs 000000
__Lirdata                irdata       000000
__Lmediumconst           mediumconst  000000
__LnvFARRAM              nvFARRAM     000000
__Lnvbit                 nvbit        000000
__Lnvrram                nvrram       000000
__Lparam                 rparam       000000
__Lpowerup               powerup      000000
__Lram                   ram          000000
__Lramtop                ramtop       000800
__Lrbit                  rbit         000000
__Lrbss                  rbss         000000
__Lrdata                 rdata        000000
__Lreset_vec             reset_vec    000000
__Lrparam                rparam       000000
__Lsfr                   sfr          000000
__Lsmallconst            smallconst   000000
__Lspace_0               (abs)        000000
__Lspace_1               (abs)        000000
__Lspace_2               (abs)        000000
__Lspace_4               (abs)        000000
__Lstack                 stack        000000
__Lstruct                struct       000000
__Ltemp                  temp         000000
__Ltext                  text         000000
__Ltext0                 text0        000000
__Ltext1                 text1        000000
__Ltext10                text10       000000
__Ltext11                text11       000000
__Ltext12                text12       000000
__Ltext13                text13       000000
__Ltext14                text14       000000
__Ltext15                text15       000000
__Ltext16                text16       000000
__Ltext17                text17       000000
__Ltext18                text18       000000
__Ltext19                text19       000000
__Ltext2                 text2        000000
__Ltext20                text20       000000
__Ltext21                text21       000000
__Ltext22                text22       000000
__Ltext23                text23       000000
__Ltext24                text24       000000
__Ltext25                text25       000000
__Ltext26                text26       000000
__Ltext27                text27       000000
__Ltext28                text28       000000
__Ltext29                text29       000000
__Ltext3                 text3        000000
__Ltext30                text30       000000
__Ltext31                text31       000000
__Ltext32                text32       000000
__Ltext33                text33       000000
__Ltext34                text34       000000
__Ltext35                text35       000000
__Ltext36                text36       000000
__Ltext37                text37       000000
__Ltext38                text38       000000
__Ltext39                text39       000000
__Ltext4                 text4        000000
__Ltext40                text40       000000
__Ltext41                text41       000000
__Ltext42                text42       000000
__Ltext43                text43       000000
__Ltext44                text44       000000
__Ltext45                text45       000000
__Ltext46                text46       000000
__Ltext47                text47       000000
__Ltext48                text48       000000
__Ltext49                text49       000000
__Ltext5                 text5        000000
__Ltext50                text50       000000
__Ltext51                text51       000000
__Ltext52                text52       000000
__Ltext53                text53       000000
__Ltext54                text54       000000
__Ltext55                text55       000000
__Ltext56                text56       000000
__Ltext57                text57       000000
__Ltext58                text58       000000
__Ltext59                text59       000000
__Ltext6                 text6        000000
__Ltext60                text60       000000
__Ltext61                text61       000000
__Ltext62                text62       000000
__Ltext63                text63       000000
__Ltext64                text64       000000
__Ltext65                text65       000000
__Ltext66                text66       000000
__Ltext67                text67       000000
__Ltext68                text68       000000
__Ltext69                text69       000000
__Ltext7                 text7        000000
__Ltext70                text70       000000
__Ltext71                text71       000000
__Ltext72                text72       000000
__Ltext73                text73       000000
__Ltext74                text74       000000
__Ltext75                text75       000000
__Ltext76                text76       000000
__Ltext77                text77       000000
__Ltext78                text78       000000
__Ltext79                text79       000000
__Ltext8                 text8        000000
__Ltext80                text80       000000
__Ltext81                text81       000000
__Ltext82                text82       000000
__Ltext83                text83       000000
__Ltext9                 text9        000000
__S0                     (abs)        008000
__S1                     (abs)        000006
__S2                     (abs)        000000
__S4                     (abs)        000000
__S5                     (abs)        000000
___inthi_sp              stack        000000
___intlo_sp              stack        000000
___param_bank            (abs)        000000
___rparam_used           (abs)        000001
___sp                    stack        000000
__accesstop              (abs)        000060
__activetblptr           (abs)        000000
__end_of__initialization cinit        0035F6
__end_of_main            text0        008000
__end_of_write_0         text83       0036D4
__end_of_write_1         text82       0037AC
__end_of_write_2         text81       003884
__end_of_write_3         text80       00395C
__end_of_write_4         text79       003A34
__end_of_write_5         text78       003B0C
__end_of_write_6         text77       003BE4
__end_of_write_7         text76       003CBC
__end_of_write_8         text75       003D94
__end_of_write_9         text74       003E6C
__end_of_write_A         text73       003F44
__end_of_write_B         text72       00401C
__end_of_write_C         text71       0040F4
__end_of_write_D         text70       0041CC
__end_of_write_E         text69       0042A4
__end_of_write_F         text68       00437C
__end_of_write_G         text67       004454
__end_of_write_H         text66       00452C
__end_of_write_I         text65       004604
__end_of_write_J         text64       0046DC
__end_of_write_K         text63       0047B4
__end_of_write_L         text62       00488C
__end_of_write_M         text61       004964
__end_of_write_N         text60       004A3C
__end_of_write_O         text59       004B14
__end_of_write_P         text58       004BEC
__end_of_write_Q         text57       004CC4
__end_of_write_R         text56       004D9C
__end_of_write_S         text55       004E74
__end_of_write_T         text54       004F4C
__end_of_write_U         text53       005024
__end_of_write_V         text52       0050FC
__end_of_write_W         text51       0051D4
__end_of_write_X         text50       0052AC
__end_of_write_Y         text49       005384
__end_of_write_Z         text48       00545C
__end_of_write_a         text47       005534
__end_of_write_arrowd    text46       00560C
__end_of_write_arrowl    text45       0056E4
__end_of_write_arrowr    text44       0057BC
__end_of_write_arrowu    text43       005894
__end_of_write_b         text42       00596C
__end_of_write_c         text41       005A44
__end_of_write_d         text40       005B1C
__end_of_write_e         text39       005BF4
__end_of_write_emarkd    text38       005CCC
__end_of_write_emarku    text37       005DA4
__end_of_write_eneC      text36       005E7C
__end_of_write_eneM      text35       005F54
__end_of_write_f         text34       00602C
__end_of_write_fill      text33       006104
__end_of_write_g         text32       0061DC
__end_of_write_h         text31       0062B4
__end_of_write_i         text30       00638C
__end_of_write_j         text29       006464
__end_of_write_k         text28       00653C
__end_of_write_l         text27       006614
__end_of_write_m         text26       0066EC
__end_of_write_mosaic    text25       0067C4
__end_of_write_n         text24       00689C
__end_of_write_numeral   text23       006974
__end_of_write_o         text22       006A4C
__end_of_write_p         text21       006B24
__end_of_write_point     text20       006BFC
__end_of_write_prte      text19       006CD4
__end_of_write_prtleft   text18       006DAC
__end_of_write_prtright  text17       006E84
__end_of_write_prts      text16       006F5C
__end_of_write_q         text15       007034
__end_of_write_qmarkud   text14       00710C
__end_of_write_qmarkup   text13       0071E4
__end_of_write_r         text12       0072BC
__end_of_write_s         text11       007394
__end_of_write_sad       text10       00746C
__end_of_write_smile     text9        007544
__end_of_write_stkman    text8        00761C
__end_of_write_t         text7        0076F4
__end_of_write_u         text6        0077CC
__end_of_write_v         text5        0078A4
__end_of_write_w         text4        00797C
__end_of_write_x         text3        007A54
__end_of_write_y         text2        007B2C
__end_of_write_z         text1        007C04
__initialization         cinit        0035F2
__mediumconst            mediumconst  000000
__pbssCOMRAM             bssCOMRAM    000004
__pcinit                 cinit        0035F2
__pcstackCOMRAM          cstackCOMRAM 000001
__ptext0                 text0        007C04
__ptext1                 text1        007B2C
__ptext10                text10       007394
__ptext11                text11       0072BC
__ptext12                text12       0071E4
__ptext13                text13       00710C
__ptext14                text14       007034
__ptext15                text15       006F5C
__ptext16                text16       006E84
__ptext17                text17       006DAC
__ptext18                text18       006CD4
__ptext19                text19       006BFC
__ptext2                 text2        007A54
__ptext20                text20       006B24
__ptext21                text21       006A4C
__ptext22                text22       006974
__ptext23                text23       00689C
__ptext24                text24       0067C4
__ptext25                text25       0066EC
__ptext26                text26       006614
__ptext27                text27       00653C
__ptext28                text28       006464
__ptext29                text29       00638C
__ptext3                 text3        00797C
__ptext30                text30       0062B4
__ptext31                text31       0061DC
__ptext32                text32       006104
__ptext33                text33       00602C
__ptext34                text34       005F54
__ptext35                text35       005E7C
__ptext36                text36       005DA4
__ptext37                text37       005CCC
__ptext38                text38       005BF4
__ptext39                text39       005B1C
__ptext4                 text4        0078A4
__ptext40                text40       005A44
__ptext41                text41       00596C
__ptext42                text42       005894
__ptext43                text43       0057BC
__ptext44                text44       0056E4
__ptext45                text45       00560C
__ptext46                text46       005534
__ptext47                text47       00545C
__ptext48                text48       005384
__ptext49                text49       0052AC
__ptext5                 text5        0077CC
__ptext50                text50       0051D4
__ptext51                text51       0050FC
__ptext52                text52       005024
__ptext53                text53       004F4C
__ptext54                text54       004E74
__ptext55                text55       004D9C
__ptext56                text56       004CC4
__ptext57                text57       004BEC
__ptext58                text58       004B14
__ptext59                text59       004A3C
__ptext6                 text6        0076F4
__ptext60                text60       004964
__ptext61                text61       00488C
__ptext62                text62       0047B4
__ptext63                text63       0046DC
__ptext64                text64       004604
__ptext65                text65       00452C
__ptext66                text66       004454
__ptext67                text67       00437C
__ptext68                text68       0042A4
__ptext69                text69       0041CC
__ptext7                 text7        00761C
__ptext70                text70       0040F4
__ptext71                text71       00401C
__ptext72                text72       003F44
__ptext73                text73       003E6C
__ptext74                text74       003D94
__ptext75                text75       003CBC
__ptext76                text76       003BE4
__ptext77                text77       003B0C
__ptext78                text78       003A34
__ptext79                text79       00395C
__ptext8                 text8        007544
__ptext80                text80       003884
__ptext81                text81       0037AC
__ptext82                text82       0036D4
__ptext83                text83       0035FC
__ptext9                 text9        00746C
__ramtop                 ramtop       000800
__size_of_main           (abs)        000000
__size_of_write_0        (abs)        000000
__size_of_write_1        (abs)        000000
__size_of_write_2        (abs)        000000
__size_of_write_3        (abs)        000000
__size_of_write_4        (abs)        000000
__size_of_write_5        (abs)        000000
__size_of_write_6        (abs)        000000
__size_of_write_7        (abs)        000000
__size_of_write_8        (abs)        000000
__size_of_write_9        (abs)        000000
__size_of_write_A        (abs)        000000
__size_of_write_B        (abs)        000000
__size_of_write_C        (abs)        000000
__size_of_write_D        (abs)        000000
__size_of_write_E        (abs)        000000
__size_of_write_F        (abs)        000000
__size_of_write_G        (abs)        000000
__size_of_write_H        (abs)        000000
__size_of_write_I        (abs)        000000
__size_of_write_J        (abs)        000000
__size_of_write_K        (abs)        000000
__size_of_write_L        (abs)        000000
__size_of_write_M        (abs)        000000
__size_of_write_N        (abs)        000000
__size_of_write_O        (abs)        000000
__size_of_write_P        (abs)        000000
__size_of_write_Q        (abs)        000000
__size_of_write_R        (abs)        000000
__size_of_write_S        (abs)        000000
__size_of_write_T        (abs)        000000
__size_of_write_U        (abs)        000000
__size_of_write_V        (abs)        000000
__size_of_write_W        (abs)        000000
__size_of_write_X        (abs)        000000
__size_of_write_Y        (abs)        000000
__size_of_write_Z        (abs)        000000
__size_of_write_a        (abs)        000000
__size_of_write_arrowd   (abs)        000000
__size_of_write_arrowl   (abs)        000000
__size_of_write_arrowr   (abs)        000000
__size_of_write_arrowu   (abs)        000000
__size_of_write_b        (abs)        000000
__size_of_write_c        (abs)        000000
__size_of_write_d        (abs)        000000
__size_of_write_e        (abs)        000000
__size_of_write_emarkd   (abs)        000000
__size_of_write_emarku   (abs)        000000
__size_of_write_eneC     (abs)        000000
__size_of_write_eneM     (abs)        000000
__size_of_write_f        (abs)        000000
__size_of_write_fill     (abs)        000000
__size_of_write_g        (abs)        000000
__size_of_write_h        (abs)        000000
__size_of_write_i        (abs)        000000
__size_of_write_j        (abs)        000000
__size_of_write_k        (abs)        000000
__size_of_write_l        (abs)        000000
__size_of_write_m        (abs)        000000
__size_of_write_mosaic   (abs)        000000
__size_of_write_n        (abs)        000000
__size_of_write_numeral  (abs)        000000
__size_of_write_o        (abs)        000000
__size_of_write_p        (abs)        000000
__size_of_write_point    (abs)        000000
__size_of_write_prte     (abs)        000000
__size_of_write_prtleft  (abs)        000000
__size_of_write_prtright (abs)        000000
__size_of_write_prts     (abs)        000000
__size_of_write_q        (abs)        000000
__size_of_write_qmarkud  (abs)        000000
__size_of_write_qmarkup  (abs)        000000
__size_of_write_r        (abs)        000000
__size_of_write_s        (abs)        000000
__size_of_write_sad      (abs)        000000
__size_of_write_smile    (abs)        000000
__size_of_write_stkman   (abs)        000000
__size_of_write_t        (abs)        000000
__size_of_write_u        (abs)        000000
__size_of_write_v        (abs)        000000
__size_of_write_w        (abs)        000000
__size_of_write_x        (abs)        000000
__size_of_write_y        (abs)        000000
__size_of_write_z        (abs)        000000
__smallconst             smallconst   000000
_i                       bssCOMRAM    000004
_main                    text0        007C04
_write_0                 text83       0035FC
_write_1                 text82       0036D4
_write_2                 text81       0037AC
_write_3                 text80       003884
_write_4                 text79       00395C
_write_5                 text78       003A34
_write_6                 text77       003B0C
_write_7                 text76       003BE4
_write_8                 text75       003CBC
_write_9                 text74       003D94
_write_A                 text73       003E6C
_write_B                 text72       003F44
_write_C                 text71       00401C
_write_D                 text70       0040F4
_write_E                 text69       0041CC
_write_F                 text68       0042A4
_write_G                 text67       00437C
_write_H                 text66       004454
_write_I                 text65       00452C
_write_J                 text64       004604
_write_K                 text63       0046DC
_write_L                 text62       0047B4
_write_M                 text61       00488C
_write_N                 text60       004964
_write_O                 text59       004A3C
_write_P                 text58       004B14
_write_Q                 text57       004BEC
_write_R                 text56       004CC4
_write_S                 text55       004D9C
_write_T                 text54       004E74
_write_U                 text53       004F4C
_write_V                 text52       005024
_write_W                 text51       0050FC
_write_X                 text50       0051D4
_write_Y                 text49       0052AC
_write_Z                 text48       005384
_write_a                 text47       00545C
_write_arrowd            text46       005534
_write_arrowl            text45       00560C
_write_arrowr            text44       0056E4
_write_arrowu            text43       0057BC
_write_b                 text42       005894
_write_c                 text41       00596C
_write_d                 text40       005A44
_write_e                 text39       005B1C
_write_emarkd            text38       005BF4
_write_emarku            text37       005CCC
_write_eneC              text36       005DA4
_write_eneM              text35       005E7C
_write_f                 text34       005F54
_write_fill              text33       00602C
_write_g                 text32       006104
_write_h                 text31       0061DC
_write_i                 text30       0062B4
_write_j                 text29       00638C
_write_k                 text28       006464
_write_l                 text27       00653C
_write_m                 text26       006614
_write_mosaic            text25       0066EC
_write_n                 text24       0067C4
_write_numeral           text23       00689C
_write_o                 text22       006974
_write_p                 text21       006A4C
_write_point             text20       006B24
_write_prte              text19       006BFC
_write_prtleft           text18       006CD4
_write_prtright          text17       006DAC
_write_prts              text16       006E84
_write_q                 text15       006F5C
_write_qmarkud           text14       007034
_write_qmarkup           text13       00710C
_write_r                 text12       0071E4
_write_s                 text11       0072BC
_write_sad               text10       007394
_write_smile             text9        00746C
_write_stkman            text8        007544
_write_t                 text7        00761C
_write_u                 text6        0076F4
_write_v                 text5        0077CC
_write_w                 text4        0078A4
_write_x                 text3        00797C
_write_y                 text2        007A54
_write_z                 text1        007B2C
end_of_initialization    cinit        0035F6
intlevel0                text         000000
intlevel1                text         000000
intlevel2                text         000000
intlevel3                text         000000
stackhi                  (abs)        0007FF
stacklo                  (abs)        000060
start                    init         000000
start_initialization     cinit        0035F2
write_0@time             cstackCOMRAM 000001
write_1@time             cstackCOMRAM 000001
write_2@time             cstackCOMRAM 000001
write_3@time             cstackCOMRAM 000001
write_4@time             cstackCOMRAM 000001
write_5@time             cstackCOMRAM 000001
write_6@time             cstackCOMRAM 000001
write_7@time             cstackCOMRAM 000001
write_8@time             cstackCOMRAM 000001
write_9@time             cstackCOMRAM 000001
write_A@time             cstackCOMRAM 000001
write_B@time             cstackCOMRAM 000001
write_C@time             cstackCOMRAM 000001
write_D@time             cstackCOMRAM 000001
write_E@time             cstackCOMRAM 000001
write_F@time             cstackCOMRAM 000001
write_G@time             cstackCOMRAM 000001
write_H@time             cstackCOMRAM 000001
write_I@time             cstackCOMRAM 000001
write_J@time             cstackCOMRAM 000001
write_K@time             cstackCOMRAM 000001
write_L@time             cstackCOMRAM 000001
write_M@time             cstackCOMRAM 000001
write_N@time             cstackCOMRAM 000001
write_O@time             cstackCOMRAM 000001
write_P@time             cstackCOMRAM 000001
write_Q@time             cstackCOMRAM 000001
write_R@time             cstackCOMRAM 000001
write_S@time             cstackCOMRAM 000001
write_T@time             cstackCOMRAM 000001
write_U@time             cstackCOMRAM 000001
write_V@time             cstackCOMRAM 000001
write_W@time             cstackCOMRAM 000001
write_X@time             cstackCOMRAM 000001
write_Y@time             cstackCOMRAM 000001
write_Z@time             cstackCOMRAM 000001
write_a@time             cstackCOMRAM 000001
write_arrowd@time        cstackCOMRAM 000001
write_arrowl@time        cstackCOMRAM 000001
write_arrowr@time        cstackCOMRAM 000001
write_arrowu@time        cstackCOMRAM 000001
write_b@time             cstackCOMRAM 000001
write_c@time             cstackCOMRAM 000001
write_d@time             cstackCOMRAM 000001
write_e@time             cstackCOMRAM 000001
write_emarkd@time        cstackCOMRAM 000001
write_emarku@time        cstackCOMRAM 000001
write_eneC@time          cstackCOMRAM 000001
write_eneM@time          cstackCOMRAM 000001
write_f@time             cstackCOMRAM 000001
write_fill@time          cstackCOMRAM 000001
write_g@time             cstackCOMRAM 000001
write_h@time             cstackCOMRAM 000001
write_i@time             cstackCOMRAM 000001
write_j@time             cstackCOMRAM 000001
write_k@time             cstackCOMRAM 000001
write_l@time             cstackCOMRAM 000001
write_m@time             cstackCOMRAM 000001
write_mosaic@time        cstackCOMRAM 000001
write_n@time             cstackCOMRAM 000001
write_numeral@time       cstackCOMRAM 000001
write_o@time             cstackCOMRAM 000001
write_p@time             cstackCOMRAM 000001
write_point@time         cstackCOMRAM 000001
write_prte@time          cstackCOMRAM 000001
write_prtleft@time       cstackCOMRAM 000001
write_prtright@time      cstackCOMRAM 000001
write_prts@time          cstackCOMRAM 000001
write_q@time             cstackCOMRAM 000001
write_qmarkud@time       cstackCOMRAM 000001
write_qmarkup@time       cstackCOMRAM 000001
write_r@time             cstackCOMRAM 000001
write_s@time             cstackCOMRAM 000001
write_sad@time           cstackCOMRAM 000001
write_smile@time         cstackCOMRAM 000001
write_stkman@time        cstackCOMRAM 000001
write_t@time             cstackCOMRAM 000001
write_u@time             cstackCOMRAM 000001
write_v@time             cstackCOMRAM 000001
write_w@time             cstackCOMRAM 000001
write_x@time             cstackCOMRAM 000001
write_y@time             cstackCOMRAM 000001
write_z@time             cstackCOMRAM 000001


FUNCTION INFORMATION:

 *************** function _main *****************
 Defined at:
		line 77 in file "Main.c"
 Parameters:    Size  Location     Type
		None
 Auto vars:     Size  Location     Type
		None
 Return value:  Size  Location     Type
                  1    wreg      void 
 Registers used:
		wreg, status,2, status,0, cstack
 Tracked objects:
		On entry : 
		On exit  : 
		Unchanged: 
 Data sizes:     COMRAM   BANK0   BANK1   BANK2   BANK3   BANK4   BANK5   BANK6   BANK7
      Params:         0       0       0       0       0       0       0       0       0
      Locals:         0       0       0       0       0       0       0       0       0
      Temps:          0       0       0       0       0       0       0       0       0
      Totals:         0       0       0       0       0       0       0       0       0
Total ram usage:        0 bytes
 Hardware stack levels required when called:    1
 This function calls:
		_write_0
		_write_1
		_write_2
		_write_3
		_write_4
		_write_5
		_write_6
		_write_7
		_write_8
		_write_9
		_write_A
		_write_B
		_write_C
		_write_D
		_write_E
		_write_F
		_write_G
		_write_H
		_write_I
		_write_J
		_write_K
		_write_L
		_write_M
		_write_N
		_write_O
		_write_P
		_write_Q
		_write_R
		_write_S
		_write_T
		_write_U
		_write_V
		_write_W
		_write_X
		_write_Y
		_write_Z
		_write_a
		_write_arrowd
		_write_arrowl
		_write_arrowr
		_write_arrowu
		_write_b
		_write_c
		_write_d
		_write_e
		_write_emarkd
		_write_emarku
		_write_eneC
		_write_eneM
		_write_f
		_write_fill
		_write_g
		_write_h
		_write_i
		_write_j
		_write_k
		_write_l
		_write_m
		_write_mosaic
		_write_n
		_write_numeral
		_write_o
		_write_p
		_write_point
		_write_prte
		_write_prtleft
		_write_prtright
		_write_prts
		_write_q
		_write_qmarkud
		_write_qmarkup
		_write_r
		_write_s
		_write_sad
		_write_smile
		_write_stkman
		_write_t
		_write_u
		_write_v
		_write_w
		_write_x
		_write_y
		_write_z
 This function is called by:
		Startup code after reset
 This function uses a non-reentrant model


 *************** function _write_z *****************
 Defined at:
		line 2054 in file "./matrix_8x8_cc.h"
 Parameters:    Size  Location     Type
  time            2    0[COMRAM] unsigned short 
 Auto vars:     Size  Location     Type
		None
 Return value:  Size  Location     Type
                  1    wreg      void 
 Registers used:
		wreg, status,2, status,0
 Tracked objects:
		On entry : 
		On exit  : 
		Unchanged: 
 Data sizes:     COMRAM   BANK0   BANK1   BANK2   BANK3   BANK4   BANK5   BANK6   BANK7
      Params:         2       0       0       0       0       0       0       0       0
      Locals:         0       0       0       0       0       0       0       0       0
      Temps:          1       0       0       0       0       0       0       0       0
      Totals:         3       0       0       0       0       0       0       0       0
Total ram usage:        3 bytes
 Hardware stack levels used:    1
 This function calls:
		Nothing
 This function is called by:
		_main
 This function uses a non-reentrant model


 *************** function _write_y *****************
 Defined at:
		line 2023 in file "./matrix_8x8_cc.h"
 Parameters:    Size  Location     Type
  time            2    0[COMRAM] unsigned short 
 Auto vars:     Size  Location     Type
		None
 Return value:  Size  Location     Type
                  1    wreg      void 
 Registers used:
		wreg, status,2, status,0
 Tracked objects:
		On entry : 
		On exit  : 
		Unchanged: 
 Data sizes:     COMRAM   BANK0   BANK1   BANK2   BANK3   BANK4   BANK5   BANK6   BANK7
      Params:         2       0       0       0       0       0       0       0       0
      Locals:         0       0       0       0       0       0       0       0       0
      Temps:          1       0       0       0       0       0       0       0       0
      Totals:         3       0       0       0       0       0       0       0       0
Total ram usage:        3 bytes
 Hardware stack levels used:    1
 This function calls:
		Nothing
 This function is called by:
		_main
 This function uses a non-reentrant model


 *************** function _write_x *****************
 Defined at:
		line 1992 in file "./matrix_8x8_cc.h"
 Parameters:    Size  Location     Type
  time            2    0[COMRAM] unsigned short 
 Auto vars:     Size  Location     Type
		None
 Return value:  Size  Location     Type
                  1    wreg      void 
 Registers used:
		wreg, status,2, status,0
 Tracked objects:
		On entry : 
		On exit  : 
		Unchanged: 
 Data sizes:     COMRAM   BANK0   BANK1   BANK2   BANK3   BANK4   BANK5   BANK6   BANK7
      Params:         2       0       0       0       0       0       0       0       0
      Locals:         0       0       0       0       0       0       0       0       0
      Temps:          1       0       0       0       0       0       0       0       0
      Totals:         3       0       0       0       0       0       0       0       0
Total ram usage:        3 bytes
 Hardware stack levels used:    1
 This function calls:
		Nothing
 This function is called by:
		_main
 This function uses a non-reentrant model


 *************** function _write_w *****************
 Defined at:
		line 1961 in file "./matrix_8x8_cc.h"
 Parameters:    Size  Location     Type
  time            2    0[COMRAM] unsigned short 
 Auto vars:     Size  Location     Type
		None
 Return value:  Size  Location     Type
                  1    wreg      void 
 Registers used:
		wreg, status,2, status,0
 Tracked objects:
		On entry : 
		On exit  : 
		Unchanged: 
 Data sizes:     COMRAM   BANK0   BANK1   BANK2   BANK3   BANK4   BANK5   BANK6   BANK7
      Params:         2       0       0       0       0       0       0       0       0
      Locals:         0       0       0       0       0       0       0       0       0
      Temps:          1       0       0       0       0       0       0       0       0
      Totals:         3       0       0       0       0       0       0       0       0
Total ram usage:        3 bytes
 Hardware stack levels used:    1
 This function calls:
		Nothing
 This function is called by:
		_main
 This function uses a non-reentrant model


 *************** function _write_v *****************
 Defined at:
		line 1930 in file "./matrix_8x8_cc.h"
 Parameters:    Size  Location     Type
  time            2    0[COMRAM] unsigned short 
 Auto vars:     Size  Location     Type
		None
 Return value:  Size  Location     Type
                  1    wreg      void 
 Registers used:
		wreg, status,2, status,0
 Tracked objects:
		On entry : 
		On exit  : 
		Unchanged: 
 Data sizes:     COMRAM   BANK0   BANK1   BANK2   BANK3   BANK4   BANK5   BANK6   BANK7
      Params:         2       0       0       0       0       0       0       0       0
      Locals:         0       0       0       0       0       0       0       0       0
      Temps:          1       0       0       0       0       0       0       0       0
      Totals:         3       0       0       0       0       0       0       0       0
Total ram usage:        3 bytes
 Hardware stack levels used:    1
 This function calls:
		Nothing
 This function is called by:
		_main
 This function uses a non-reentrant model


 *************** function _write_u *****************
 Defined at:
		line 1899 in file "./matrix_8x8_cc.h"
 Parameters:    Size  Location     Type
  time            2    0[COMRAM] unsigned short 
 Auto vars:     Size  Location     Type
		None
 Return value:  Size  Location     Type
                  1    wreg      void 
 Registers used:
		wreg, status,2, status,0
 Tracked objects:
		On entry : 
		On exit  : 
		Unchanged: 
 Data sizes:     COMRAM   BANK0   BANK1   BANK2   BANK3   BANK4   BANK5   BANK6   BANK7
      Params:         2       0       0       0       0       0       0       0       0
      Locals:         0       0       0       0       0       0       0       0       0
      Temps:          1       0       0       0       0       0       0       0       0
      Totals:         3       0       0       0       0       0       0       0       0
Total ram usage:        3 bytes
 Hardware stack levels used:    1
 This function calls:
		Nothing
 This function is called by:
		_main
 This function uses a non-reentrant model


 *************** function _write_t *****************
 Defined at:
		line 1868 in file "./matrix_8x8_cc.h"
 Parameters:    Size  Location     Type
  time            2    0[COMRAM] unsigned short 
 Auto vars:     Size  Location     Type
		None
 Return value:  Size  Location     Type
                  1    wreg      void 
 Registers used:
		wreg, status,2, status,0
 Tracked objects:
		On entry : 
		On exit  : 
		Unchanged: 
 Data sizes:     COMRAM   BANK0   BANK1   BANK2   BANK3   BANK4   BANK5   BANK6   BANK7
      Params:         2       0       0       0       0       0       0       0       0
      Locals:         0       0       0       0       0       0       0       0       0
      Temps:          1       0       0       0       0       0       0       0       0
      Totals:         3       0       0       0       0       0       0       0       0
Total ram usage:        3 bytes
 Hardware stack levels used:    1
 This function calls:
		Nothing
 This function is called by:
		_main
 This function uses a non-reentrant model


 *************** function _write_stkman *****************
 Defined at:
		line 2240 in file "./matrix_8x8_cc.h"
 Parameters:    Size  Location     Type
  time            2    0[COMRAM] unsigned short 
 Auto vars:     Size  Location     Type
		None
 Return value:  Size  Location     Type
                  1    wreg      void 
 Registers used:
		wreg, status,2, status,0
 Tracked objects:
		On entry : 
		On exit  : 
		Unchanged: 
 Data sizes:     COMRAM   BANK0   BANK1   BANK2   BANK3   BANK4   BANK5   BANK6   BANK7
      Params:         2       0       0       0       0       0       0       0       0
      Locals:         0       0       0       0       0       0       0       0       0
      Temps:          1       0       0       0       0       0       0       0       0
      Totals:         3       0       0       0       0       0       0       0       0
Total ram usage:        3 bytes
 Hardware stack levels used:    1
 This function calls:
		Nothing
 This function is called by:
		_main
 This function uses a non-reentrant model


 *************** function _write_smile *****************
 Defined at:
		line 2271 in file "./matrix_8x8_cc.h"
 Parameters:    Size  Location     Type
  time            2    0[COMRAM] unsigned short 
 Auto vars:     Size  Location     Type
		None
 Return value:  Size  Location     Type
                  1    wreg      void 
 Registers used:
		wreg, status,2, status,0
 Tracked objects:
		On entry : 
		On exit  : 
		Unchanged: 
 Data sizes:     COMRAM   BANK0   BANK1   BANK2   BANK3   BANK4   BANK5   BANK6   BANK7
      Params:         2       0       0       0       0       0       0       0       0
      Locals:         0       0       0       0       0       0       0       0       0
      Temps:          1       0       0       0       0       0       0       0       0
      Totals:         3       0       0       0       0       0       0       0       0
Total ram usage:        3 bytes
 Hardware stack levels used:    1
 This function calls:
		Nothing
 This function is called by:
		_main
 This function uses a non-reentrant model


 *************** function _write_sad *****************
 Defined at:
		line 2302 in file "./matrix_8x8_cc.h"
 Parameters:    Size  Location     Type
  time            2    0[COMRAM] unsigned short 
 Auto vars:     Size  Location     Type
		None
 Return value:  Size  Location     Type
                  1    wreg      void 
 Registers used:
		wreg, status,2, status,0
 Tracked objects:
		On entry : 
		On exit  : 
		Unchanged: 
 Data sizes:     COMRAM   BANK0   BANK1   BANK2   BANK3   BANK4   BANK5   BANK6   BANK7
      Params:         2       0       0       0       0       0       0       0       0
      Locals:         0       0       0       0       0       0       0       0       0
      Temps:          1       0       0       0       0       0       0       0       0
      Totals:         3       0       0       0       0       0       0       0       0
Total ram usage:        3 bytes
 Hardware stack levels used:    1
 This function calls:
		Nothing
 This function is called by:
		_main
 This function uses a non-reentrant model


 *************** function _write_s *****************
 Defined at:
		line 1837 in file "./matrix_8x8_cc.h"
 Parameters:    Size  Location     Type
  time            2    0[COMRAM] unsigned short 
 Auto vars:     Size  Location     Type
		None
 Return value:  Size  Location     Type
                  1    wreg      void 
 Registers used:
		wreg, status,2, status,0
 Tracked objects:
		On entry : 
		On exit  : 
		Unchanged: 
 Data sizes:     COMRAM   BANK0   BANK1   BANK2   BANK3   BANK4   BANK5   BANK6   BANK7
      Params:         2       0       0       0       0       0       0       0       0
      Locals:         0       0       0       0       0       0       0       0       0
      Temps:          1       0       0       0       0       0       0       0       0
      Totals:         3       0       0       0       0       0       0       0       0
Total ram usage:        3 bytes
 Hardware stack levels used:    1
 This function calls:
		Nothing
 This function is called by:
		_main
 This function uses a non-reentrant model


 *************** function _write_r *****************
 Defined at:
		line 1806 in file "./matrix_8x8_cc.h"
 Parameters:    Size  Location     Type
  time            2    0[COMRAM] unsigned short 
 Auto vars:     Size  Location     Type
		None
 Return value:  Size  Location     Type
                  1    wreg      void 
 Registers used:
		wreg, status,2, status,0
 Tracked objects:
		On entry : 
		On exit  : 
		Unchanged: 
 Data sizes:     COMRAM   BANK0   BANK1   BANK2   BANK3   BANK4   BANK5   BANK6   BANK7
      Params:         2       0       0       0       0       0       0       0       0
      Locals:         0       0       0       0       0       0       0       0       0
      Temps:          1       0       0       0       0       0       0       0       0
      Totals:         3       0       0       0       0       0       0       0       0
Total ram usage:        3 bytes
 Hardware stack levels used:    1
 This function calls:
		Nothing
 This function is called by:
		_main
 This function uses a non-reentrant model


 *************** function _write_qmarkup *****************
 Defined at:
		line 2085 in file "./matrix_8x8_cc.h"
 Parameters:    Size  Location     Type
  time            2    0[COMRAM] unsigned short 
 Auto vars:     Size  Location     Type
		None
 Return value:  Size  Location     Type
                  1    wreg      void 
 Registers used:
		wreg, status,2, status,0
 Tracked objects:
		On entry : 
		On exit  : 
		Unchanged: 
 Data sizes:     COMRAM   BANK0   BANK1   BANK2   BANK3   BANK4   BANK5   BANK6   BANK7
      Params:         2       0       0       0       0       0       0       0       0
      Locals:         0       0       0       0       0       0       0       0       0
      Temps:          1       0       0       0       0       0       0       0       0
      Totals:         3       0       0       0       0       0       0       0       0
Total ram usage:        3 bytes
 Hardware stack levels used:    1
 This function calls:
		Nothing
 This function is called by:
		_main
 This function uses a non-reentrant model


 *************** function _write_qmarkud *****************
 Defined at:
		line 2116 in file "./matrix_8x8_cc.h"
 Parameters:    Size  Location     Type
  time            2    0[COMRAM] unsigned short 
 Auto vars:     Size  Location     Type
		None
 Return value:  Size  Location     Type
                  1    wreg      void 
 Registers used:
		wreg, status,2, status,0
 Tracked objects:
		On entry : 
		On exit  : 
		Unchanged: 
 Data sizes:     COMRAM   BANK0   BANK1   BANK2   BANK3   BANK4   BANK5   BANK6   BANK7
      Params:         2       0       0       0       0       0       0       0       0
      Locals:         0       0       0       0       0       0       0       0       0
      Temps:          1       0       0       0       0       0       0       0       0
      Totals:         3       0       0       0       0       0       0       0       0
Total ram usage:        3 bytes
 Hardware stack levels used:    1
 This function calls:
		Nothing
 This function is called by:
		_main
 This function uses a non-reentrant model


 *************** function _write_q *****************
 Defined at:
[...]
      Locals:         0       0       0       0       0       0       0       0       0
      Temps:          1       0       0       0       0       0       0       0       0
      Totals:         3       0       0       0       0       0       0       0       0
Total ram usage:        3 bytes
 Hardware stack levels used:    1
 This function calls:
		Nothing
 This function is called by:
		_main
 This function uses a non-reentrant model


 *************** function _write_D *****************
 Defined at:
		line 194 in file "./matrix_8x8_cc.h"
 Parameters:    Size  Location     Type
  time            2    0[COMRAM] unsigned short 
 Auto vars:     Size  Location     Type
		None
 Return value:  Size  Location     Type
                  1    wreg      void 
 Registers used:
		wreg, status,2, status,0
 Tracked objects:
		On entry : 
		On exit  : 
		Unchanged: 
 Data sizes:     COMRAM   BANK0   BANK1   BANK2   BANK3   BANK4   BANK5   BANK6   BANK7
      Params:         2       0       0       0       0       0       0       0       0
      Locals:         0       0       0       0       0       0       0       0       0
      Temps:          1       0       0       0       0       0       0       0       0
      Totals:         3       0       0       0       0       0       0       0       0
Total ram usage:        3 bytes
 Hardware stack levels used:    1
 This function calls:
		Nothing
 This function is called by:
		_main
 This function uses a non-reentrant model


 *************** function _write_C *****************
 Defined at:
		line 163 in file "./matrix_8x8_cc.h"
 Parameters:    Size  Location     Type
  time            2    0[COMRAM] unsigned short 
 Auto vars:     Size  Location     Type
		None
 Return value:  Size  Location     Type
                  1    wreg      void 
 Registers used:
		wreg, status,2, status,0
 Tracked objects:
		On entry : 
		On exit  : 
		Unchanged: 
 Data sizes:     COMRAM   BANK0   BANK1   BANK2   BANK3   BANK4   BANK5   BANK6   BANK7
      Params:         2       0       0       0       0       0       0       0       0
      Locals:         0       0       0       0       0       0       0       0       0
      Temps:          1       0       0       0       0       0       0       0       0
      Totals:         3       0       0       0       0       0       0       0       0
Total ram usage:        3 bytes
 Hardware stack levels used:    1
 This function calls:
		Nothing
 This function is called by:
		_main
 This function uses a non-reentrant model


 *************** function _write_B *****************
 Defined at:
		line 132 in file "./matrix_8x8_cc.h"
 Parameters:    Size  Location     Type
  time            2    0[COMRAM] unsigned short 
 Auto vars:     Size  Location     Type
		None
 Return value:  Size  Location     Type
                  1    wreg      void 
 Registers used:
		wreg, status,2, status,0
 Tracked objects:
		On entry : 
		On exit  : 
		Unchanged: 
 Data sizes:     COMRAM   BANK0   BANK1   BANK2   BANK3   BANK4   BANK5   BANK6   BANK7
      Params:         2       0       0       0       0       0       0       0       0
      Locals:         0       0       0       0       0       0       0       0       0
      Temps:          1       0       0       0       0       0       0       0       0
      Totals:         3       0       0       0       0       0       0       0       0
Total ram usage:        3 bytes
 Hardware stack levels used:    1
 This function calls:
		Nothing
 This function is called by:
		_main
 This function uses a non-reentrant model


 *************** function _write_A *****************
 Defined at:
		line 101 in file "./matrix_8x8_cc.h"
 Parameters:    Size  Location     Type
  time            2    0[COMRAM] unsigned short 
 Auto vars:     Size  Location     Type
		None
 Return value:  Size  Location     Type
                  1    wreg      void 
 Registers used:
		wreg, status,2, status,0
 Tracked objects:
		On entry : 
		On exit  : 
		Unchanged: 
 Data sizes:     COMRAM   BANK0   BANK1   BANK2   BANK3   BANK4   BANK5   BANK6   BANK7
      Params:         2       0       0       0       0       0       0       0       0
      Locals:         0       0       0       0       0       0       0       0       0
      Temps:          1       0       0       0       0       0       0       0       0
      Totals:         3       0       0       0       0       0       0       0       0
Total ram usage:        3 bytes
 Hardware stack levels used:    1
 This function calls:
		Nothing
 This function is called by:
		_main
 This function uses a non-reentrant model


 *************** function _write_9 *****************
 Defined at:
		line 1217 in file "./matrix_8x8_cc.h"
 Parameters:    Size  Location     Type
  time            2    0[COMRAM] unsigned short 
 Auto vars:     Size  Location     Type
		None
 Return value:  Size  Location     Type
                  1    wreg      void 
 Registers used:
		wreg, status,2, status,0
 Tracked objects:
		On entry : 
		On exit  : 
		Unchanged: 
 Data sizes:     COMRAM   BANK0   BANK1   BANK2   BANK3   BANK4   BANK5   BANK6   BANK7
      Params:         2       0       0       0       0       0       0       0       0
      Locals:         0       0       0       0       0       0       0       0       0
      Temps:          1       0       0       0       0       0       0       0       0
      Totals:         3       0       0       0       0       0       0       0       0
Total ram usage:        3 bytes
 Hardware stack levels used:    1
 This function calls:
		Nothing
 This function is called by:
		_main
 This function uses a non-reentrant model


 *************** function _write_8 *****************
 Defined at:
		line 1186 in file "./matrix_8x8_cc.h"
 Parameters:    Size  Location     Type
  time            2    0[COMRAM] unsigned short 
 Auto vars:     Size  Location     Type
		None
 Return value:  Size  Location     Type
                  1    wreg      void 
 Registers used:
		wreg, status,2, status,0
 Tracked objects:
		On entry : 
		On exit  : 
		Unchanged: 
 Data sizes:     COMRAM   BANK0   BANK1   BANK2   BANK3   BANK4   BANK5   BANK6   BANK7
      Params:         2       0       0       0       0       0       0       0       0
      Locals:         0       0       0       0       0       0       0       0       0
      Temps:          1       0       0       0       0       0       0       0       0
      Totals:         3       0       0       0       0       0       0       0       0
Total ram usage:        3 bytes
 Hardware stack levels used:    1
 This function calls:
		Nothing
 This function is called by:
		_main
 This function uses a non-reentrant model


 *************** function _write_7 *****************
 Defined at:
		line 1155 in file "./matrix_8x8_cc.h"
 Parameters:    Size  Location     Type
  time            2    0[COMRAM] unsigned short 
 Auto vars:     Size  Location     Type
		None
 Return value:  Size  Location     Type
                  1    wreg      void 
 Registers used:
		wreg, status,2, status,0
 Tracked objects:
		On entry : 
		On exit  : 
		Unchanged: 
 Data sizes:     COMRAM   BANK0   BANK1   BANK2   BANK3   BANK4   BANK5   BANK6   BANK7
      Params:         2       0       0       0       0       0       0       0       0
      Locals:         0       0       0       0       0       0       0       0       0
      Temps:          1       0       0       0       0       0       0       0       0
      Totals:         3       0       0       0       0       0       0       0       0
Total ram usage:        3 bytes
 Hardware stack levels used:    1
 This function calls:
		Nothing
 This function is called by:
		_main
 This function uses a non-reentrant model


 *************** function _write_6 *****************
 Defined at:
		line 1124 in file "./matrix_8x8_cc.h"
 Parameters:    Size  Location     Type
  time            2    0[COMRAM] unsigned short 
 Auto vars:     Size  Location     Type
		None
 Return value:  Size  Location     Type
                  1    wreg      void 
 Registers used:
		wreg, status,2, status,0
 Tracked objects:
		On entry : 
		On exit  : 
		Unchanged: 
 Data sizes:     COMRAM   BANK0   BANK1   BANK2   BANK3   BANK4   BANK5   BANK6   BANK7
      Params:         2       0       0       0       0       0       0       0       0
      Locals:         0       0       0       0       0       0       0       0       0
      Temps:          1       0       0       0       0       0       0       0       0
      Totals:         3       0       0       0       0       0       0       0       0
Total ram usage:        3 bytes
 Hardware stack levels used:    1
 This function calls:
		Nothing
 This function is called by:
		_main
 This function uses a non-reentrant model


 *************** function _write_5 *****************
 Defined at:
		line 1093 in file "./matrix_8x8_cc.h"
 Parameters:    Size  Location     Type
  time            2    0[COMRAM] unsigned short 
 Auto vars:     Size  Location     Type
		None
 Return value:  Size  Location     Type
                  1    wreg      void 
 Registers used:
		wreg, status,2, status,0
 Tracked objects:
		On entry : 
		On exit  : 
		Unchanged: 
 Data sizes:     COMRAM   BANK0   BANK1   BANK2   BANK3   BANK4   BANK5   BANK6   BANK7
      Params:         2       0       0       0       0       0       0       0       0
      Locals:         0       0       0       0       0       0       0       0       0
      Temps:          1       0       0       0       0       0       0       0       0
      Totals:         3       0       0       0       0       0       0       0       0
Total ram usage:        3 bytes
 Hardware stack levels used:    1
 This function calls:
		Nothing
 This function is called by:
		_main
 This function uses a non-reentrant model


 *************** function _write_4 *****************
 Defined at:
		line 1062 in file "./matrix_8x8_cc.h"
 Parameters:    Size  Location     Type
  time            2    0[COMRAM] unsigned short 
 Auto vars:     Size  Location     Type
		None
 Return value:  Size  Location     Type
                  1    wreg      void 
 Registers used:
		wreg, status,2, status,0
 Tracked objects:
		On entry : 
		On exit  : 
		Unchanged: 
 Data sizes:     COMRAM   BANK0   BANK1   BANK2   BANK3   BANK4   BANK5   BANK6   BANK7
      Params:         2       0       0       0       0       0       0       0       0
      Locals:         0       0       0       0       0       0       0       0       0
      Temps:          1       0       0       0       0       0       0       0       0
      Totals:         3       0       0       0       0       0       0       0       0
Total ram usage:        3 bytes
 Hardware stack levels used:    1
 This function calls:
		Nothing
 This function is called by:
		_main
 This function uses a non-reentrant model


 *************** function _write_3 *****************
 Defined at:
		line 1031 in file "./matrix_8x8_cc.h"
 Parameters:    Size  Location     Type
  time            2    0[COMRAM] unsigned short 
 Auto vars:     Size  Location     Type
		None
 Return value:  Size  Location     Type
                  1    wreg      void 
 Registers used:
		wreg, status,2, status,0
 Tracked objects:
		On entry : 
		On exit  : 
		Unchanged: 
 Data sizes:     COMRAM   BANK0   BANK1   BANK2   BANK3   BANK4   BANK5   BANK6   BANK7
      Params:         2       0       0       0       0       0       0       0       0
      Locals:         0       0       0       0       0       0       0       0       0
      Temps:          1       0       0       0       0       0       0       0       0
      Totals:         3       0       0       0       0       0       0       0       0
Total ram usage:        3 bytes
 Hardware stack levels used:    1
 This function calls:
		Nothing
 This function is called by:
		_main
 This function uses a non-reentrant model


 *************** function _write_2 *****************
 Defined at:
		line 1000 in file "./matrix_8x8_cc.h"
 Parameters:    Size  Location     Type
  time            2    0[COMRAM] unsigned short 
 Auto vars:     Size  Location     Type
		None
 Return value:  Size  Location     Type
                  1    wreg      void 
 Registers used:
		wreg, status,2, status,0
 Tracked objects:
		On entry : 
		On exit  : 
		Unchanged: 
 Data sizes:     COMRAM   BANK0   BANK1   BANK2   BANK3   BANK4   BANK5   BANK6   BANK7
      Params:         2       0       0       0       0       0       0       0       0
      Locals:         0       0       0       0       0       0       0       0       0
      Temps:          1       0       0       0       0       0       0       0       0
      Totals:         3       0       0       0       0       0       0       0       0
Total ram usage:        3 bytes
 Hardware stack levels used:    1
 This function calls:
		Nothing
 This function is called by:
		_main
 This function uses a non-reentrant model


 *************** function _write_1 *****************
 Defined at:
		line 969 in file "./matrix_8x8_cc.h"
 Parameters:    Size  Location     Type
  time            2    0[COMRAM] unsigned short 
 Auto vars:     Size  Location     Type
		None
 Return value:  Size  Location     Type
                  1    wreg      void 
 Registers used:
		wreg, status,2, status,0
 Tracked objects:
		On entry : 
		On exit  : 
		Unchanged: 
 Data sizes:     COMRAM   BANK0   BANK1   BANK2   BANK3   BANK4   BANK5   BANK6   BANK7
      Params:         2       0       0       0       0       0       0       0       0
      Locals:         0       0       0       0       0       0       0       0       0
      Temps:          1       0       0       0       0       0       0       0       0
      Totals:         3       0       0       0       0       0       0       0       0
Total ram usage:        3 bytes
 Hardware stack levels used:    1
 This function calls:
		Nothing
 This function is called by:
		_main
 This function uses a non-reentrant model


 *************** function _write_0 *****************
 Defined at:
		line 938 in file "./matrix_8x8_cc.h"
 Parameters:    Size  Location     Type
  time            2    0[COMRAM] unsigned short 
 Auto vars:     Size  Location     Type
		None
 Return value:  Size  Location     Type
                  1    wreg      void 
 Registers used:
		wreg, status,2, status,0
 Tracked objects:
		On entry : 
		On exit  : 
		Unchanged: 
 Data sizes:     COMRAM   BANK0   BANK1   BANK2   BANK3   BANK4   BANK5   BANK6   BANK7
      Params:         2       0       0       0       0       0       0       0       0
      Locals:         0       0       0       0       0       0       0       0       0
      Temps:          1       0       0       0       0       0       0       0       0
      Totals:         3       0       0       0       0       0       0       0       0
Total ram usage:        3 bytes
 Hardware stack levels used:    1
 This function calls:
		Nothing
 This function is called by:
		_main
 This function uses a non-reentrant model



MODULE INFORMATION

Module		Function		Class		Link	Load	Size
Main.c
		_main          		CODE           	7C04	0000	1020

Main.c estimated size: 1020

shared
		__initialization		CODE           	35F2	0000	4

shared estimated size: 4

./matrix_8x8_cc.h
		_write_n       		CODE           	67C4	0000	216
		_write_1       		CODE           	36D4	0000	216
		_write_A       		CODE           	3E6C	0000	216
		_write_Q       		CODE           	4BEC	0000	216
		_write_a       		CODE           	545C	0000	216
		_write_q       		CODE           	6F5C	0000	216
		_write_4       		CODE           	395C	0000	216
		_write_D       		CODE           	40F4	0000	216
		_write_T       		CODE           	4E74	0000	216
		_write_d       		CODE           	5A44	0000	216
		_write_arrowd  		CODE           	5534	0000	216
		_write_t       		CODE           	761C	0000	216
		_write_arrowl  		CODE           	560C	0000	216
		_write_arrowr  		CODE           	56E4	0000	216
		_write_arrowu  		CODE           	57BC	0000	216
		_write_numeral 		CODE           	689C	0000	216
		_write_7       		CODE           	3BE4	0000	216
		_write_G       		CODE           	437C	0000	216
		_write_W       		CODE           	50FC	0000	216
		_write_g       		CODE           	6104	0000	216
		_write_w       		CODE           	78A4	0000	216
		_write_qmarkud 		CODE           	7034	0000	216
		_write_qmarkup 		CODE           	710C	0000	216
		_write_J       		CODE           	4604	0000	216
		_write_Z       		CODE           	5384	0000	216
		_write_j       		CODE           	638C	0000	216
		_write_z       		CODE           	7B2C	0000	216
		_write_M       		CODE           	488C	0000	216
		_write_m       		CODE           	6614	0000	216
		_write_0       		CODE           	35FC	0000	216
		_write_P       		CODE           	4B14	0000	216
		_write_p       		CODE           	6A4C	0000	216
		_write_mosaic  		CODE           	66EC	0000	216
		_write_prte    		CODE           	6BFC	0000	216
		_write_prts    		CODE           	6E84	0000	216
		_write_3       		CODE           	3884	0000	216
		_write_point   		CODE           	6B24	0000	216
		_write_C       		CODE           	401C	0000	216
		_write_S       		CODE           	4D9C	0000	216
		_write_c       		CODE           	596C	0000	216
		_write_s       		CODE           	72BC	0000	216
		_write_sad     		CODE           	7394	0000	216
		_write_smile   		CODE           	746C	0000	216
		_write_6       		CODE           	3B0C	0000	216
		_write_F       		CODE           	42A4	0000	216
		_write_V       		CODE           	5024	0000	216
		_write_f       		CODE           	5F54	0000	216
		_write_v       		CODE           	77CC	0000	216
		_write_stkman  		CODE           	7544	0000	216
		_write_fill    		CODE           	602C	0000	216
		_write_prtleft 		CODE           	6CD4	0000	216
		_write_9       		CODE           	3D94	0000	216
		_write_I       		CODE           	452C	0000	216
		_write_Y       		CODE           	52AC	0000	216
		_write_i       		CODE           	62B4	0000	216
		_write_y       		CODE           	7A54	0000	216
		_write_L       		CODE           	47B4	0000	216
		_write_l       		CODE           	653C	0000	216
		_write_prtright		CODE           	6DAC	0000	216
		_write_O       		CODE           	4A3C	0000	216
		_write_o       		CODE           	6974	0000	216
		_write_2       		CODE           	37AC	0000	216
		_write_B       		CODE           	3F44	0000	216
		_write_R       		CODE           	4CC4	0000	216
		_write_b       		CODE           	5894	0000	216
		_write_r       		CODE           	71E4	0000	216
		_write_5       		CODE           	3A34	0000	216
		_write_E       		CODE           	41CC	0000	216
		_write_U       		CODE           	4F4C	0000	216
		_write_e       		CODE           	5B1C	0000	216
		_write_u       		CODE           	76F4	0000	216
		_write_eneC    		CODE           	5DA4	0000	216
		_write_eneM    		CODE           	5E7C	0000	216
		_write_8       		CODE           	3CBC	0000	216
		_write_H       		CODE           	4454	0000	216
		_write_X       		CODE           	51D4	0000	216
		_write_h       		CODE           	61DC	0000	216
		_write_emarkd  		CODE           	5BF4	0000	216
		_write_x       		CODE           	797C	0000	216
		_write_emarku  		CODE           	5CCC	0000	216
		_write_K       		CODE           	46DC	0000	216
		_write_k       		CODE           	6464	0000	216
		_write_N       		CODE           	4964	0000	216

./matrix_8x8_cc.h estimated size: 17928

